[38;5;39m2026-01-27 03:32:15,295 (logging:132) INFO: the current machine is at 127.0.1.1[0m
[38;5;39m2026-01-27 03:32:15,296 (logging:134) INFO: the current dir is /home/mahi/app[0m
[38;5;39m2026-01-27 03:32:15,296 (logging:135) INFO: the output dir is exp/svd_FacebookAI/roberta-large@huggingface_llm_on_qnli@glue_lr0.02_lstep40/sub_exp_20260127033215[0m
/home/mahi/app/APRILS
/home/mahi/app
wandb: WARNING `start_method` is deprecated and will be removed in a future version of wandb. This setting is currently non-functional and safely ignored.
wandb: Currently logged in as: mahi97 to https://api.wandb.ai. Use `wandb login --relogin` to force relogin
wandb: setting up run b88dlb8y
wandb: Tracking run with wandb version 0.22.3
wandb: Run data is saved locally in /home/mahi/app/wandb/run-20260127_033218-b88dlb8y
wandb: Run `wandb offline` to turn off syncing.
wandb: Syncing run svd_FacebookAI/roberta-large@huggingface_llm_on_qnli@glue_lr0.02_lstep40
wandb: ⭐️ View project at https://wandb.ai/mahi97/persia-glue
wandb: 🚀 View run at https://wandb.ai/mahi97/persia-glue/runs/b88dlb8y
Using the latest cached version of the dataset since glue couldn't be found on the Hugging Face Hub
[1;34mwandb[0m: 
[1;34mwandb[0m: 🚀 View run [33msvd_FacebookAI/roberta-large@huggingface_llm_on_qnli@glue_lr0.02_lstep40[0m at: [34mhttps://wandb.ai/mahi97/persia-glue/runs/b88dlb8y[0m
[1;34mwandb[0m: Find logs at: [1;35mwandb/run-20260127_033218-b88dlb8y/logs[0m
Traceback (most recent call last):
  File "/home/mahi/app/APRILS/federatedscope/main.py", line 57, in <module>
    data, modified_cfg = get_data(config=init_cfg.clone(),
  File "/home/mahi/app/APRILS/federatedscope/core/auxiliaries/data_builder.py", line 125, in get_data
    dataset, modified_config = load_dataset(config, client_cfgs)
  File "/home/mahi/app/APRILS/federatedscope/core/data/utils.py", line 103, in load_dataset
    dataset, modified_config = load_glue_dataset(config)
  File "/home/mahi/app/APRILS/federatedscope/glue/dataloader/dataloader.py", line 22, in load_glue_dataset
    datasets = load_dataset("glue", task_name, cache_dir=config.data.root)
  File "/home/mahi/miniconda3/envs/aprils/lib/python3.10/site-packages/datasets/load.py", line 2594, in load_dataset
    builder_instance = load_dataset_builder(
  File "/home/mahi/miniconda3/envs/aprils/lib/python3.10/site-packages/datasets/load.py", line 2303, in load_dataset_builder
    builder_instance: DatasetBuilder = builder_cls(
  File "/home/mahi/miniconda3/envs/aprils/lib/python3.10/site-packages/datasets/packaged_modules/cache/cache.py", line 140, in __init__
    config_name, version, hash = _find_hash_in_cache(
  File "/home/mahi/miniconda3/envs/aprils/lib/python3.10/site-packages/datasets/packaged_modules/cache/cache.py", line 65, in _find_hash_in_cache
    raise ValueError(
ValueError: Couldn't find cache for glue for config 'qnli'
Available configs in the cache: ['mnli']
Traceback (most recent call last):
  File "/home/mahi/app/APRILS/federatedscope/main.py", line 3, in <module>
    import torch
ModuleNotFoundError: No module named 'torch'
