GLUE Rebuttal (personalized lora_B) Report - Started: 2026. 03. 27. (금) 17:15:29 KST

========================================
========================================
========================================
========================================
Baseline: svd_pB | GPU: 0 | Started: 2026. 03. 27. (금) 17:15:29 KST
========================================
Baseline: fedma_pB | GPU: 3 | Started: 2026. 03. 27. (금) 17:15:29 KST
========================================
Baseline: full_rank_pB | GPU: 2 | Started: 2026. 03. 27. (금) 17:15:29 KST
Baseline: factor_fedprox_pB | GPU: 5 | Started: 2026. 03. 27. (금) 17:15:29 KST
========================================
========================================
========================================
========================================
========================================
Baseline: svd_no_gram_pB | GPU: 1 | Started: 2026. 03. 27. (금) 17:15:29 KST
========================================
Baseline: fa_lora_pB | GPU: 4 | Started: 2026. 03. 27. (금) 17:15:29 KST
========================================
Baseline: factor_fedavg_pB | GPU: 6 | Started: 2026. 03. 27. (금) 17:15:29 KST
========================================
[FAILED] factor_fedprox_pB | cola | lda0.1 | GPU 5 | exit=1 | 2026. 03. 27. (금) 17:16:15 KST
[FAILED] svd_pB | cola | lda0.1 | GPU 0 | exit=1 | 2026. 03. 27. (금) 17:16:16 KST
[FAILED] svd_no_gram_pB | cola | lda0.1 | GPU 1 | exit=1 | 2026. 03. 27. (금) 17:16:18 KST
[FAILED] fedma_pB | cola | lda0.1 | GPU 3 | exit=1 | 2026. 03. 27. (금) 17:16:25 KST
[FAILED] factor_fedavg_pB | cola | lda0.1 | GPU 6 | exit=1 | 2026. 03. 27. (금) 17:16:32 KST
[FAILED] fa_lora_pB | cola | lda0.1 | GPU 4 | exit=1 | 2026. 03. 27. (금) 17:16:35 KST
[FAILED] full_rank_pB | cola | lda0.1 | GPU 2 | exit=1 | 2026. 03. 27. (금) 17:16:56 KST
========================================
Baseline: svd_pB | GPU: 7 | Started: Fri Mar 27 18:55:53 KST 2026
========================================
========================================
Baseline: svd_pB | GPU: 7 | Started: Fri Mar 27 18:56:37 KST 2026
========================================
========================================
Baseline: svd_pB | GPU: 7 | Started: Fri Mar 27 18:57:33 KST 2026
========================================
[FAILED] svd_pB | cola | lda0.1 | GPU 7 | exit=1 | Fri Mar 27 18:57:33 KST 2026
[FAILED] svd_pB | mnli | lda0.1 | GPU 7 | exit=1 | Fri Mar 27 18:57:33 KST 2026
[FAILED] svd_pB | mrpc | lda0.1 | GPU 7 | exit=1 | Fri Mar 27 18:57:34 KST 2026
[FAILED] svd_pB | qnli | lda0.1 | GPU 7 | exit=1 | Fri Mar 27 18:57:34 KST 2026
[FAILED] svd_pB | qqp | lda0.1 | GPU 7 | exit=1 | Fri Mar 27 18:57:34 KST 2026
[FAILED] svd_pB | rte | lda0.1 | GPU 7 | exit=1 | Fri Mar 27 18:57:34 KST 2026
[FAILED] svd_pB | sst2 | lda0.1 | GPU 7 | exit=1 | Fri Mar 27 18:57:34 KST 2026
[FAILED] svd_pB | stsb | lda0.1 | GPU 7 | exit=1 | Fri Mar 27 18:57:34 KST 2026
[FAILED] svd_pB | wnli | lda0.1 | GPU 7 | exit=1 | Fri Mar 27 18:57:34 KST 2026
[FAILED] svd_pB | cola | lda0.25 | GPU 7 | exit=1 | Fri Mar 27 18:57:34 KST 2026
[FAILED] svd_pB | mnli | lda0.25 | GPU 7 | exit=1 | Fri Mar 27 18:57:34 KST 2026
[FAILED] svd_pB | mrpc | lda0.25 | GPU 7 | exit=1 | Fri Mar 27 18:57:34 KST 2026
[FAILED] svd_pB | qnli | lda0.25 | GPU 7 | exit=1 | Fri Mar 27 18:57:34 KST 2026
[FAILED] svd_pB | qqp | lda0.25 | GPU 7 | exit=1 | Fri Mar 27 18:57:34 KST 2026
[FAILED] svd_pB | rte | lda0.25 | GPU 7 | exit=1 | Fri Mar 27 18:57:34 KST 2026
[FAILED] svd_pB | sst2 | lda0.25 | GPU 7 | exit=1 | Fri Mar 27 18:57:34 KST 2026
[FAILED] svd_pB | stsb | lda0.25 | GPU 7 | exit=1 | Fri Mar 27 18:57:34 KST 2026
[FAILED] svd_pB | wnli | lda0.25 | GPU 7 | exit=1 | Fri Mar 27 18:57:34 KST 2026
[DONE] svd_pB finished on GPU 7 at Fri Mar 27 18:57:34 KST 2026
========================================
Baseline: svd_pB | GPU: 7 | Started: Fri Mar 27 18:57:47 KST 2026
========================================
========================================
Baseline: svd_pB | GPU: 7 | Started: Fri Mar 27 18:58:27 KST 2026
========================================
[FAILED] svd_pB | cola | lda0.1 | GPU 7 | exit=1 | Fri Mar 27 18:59:03 KST 2026
[FAILED] fa_lora_pB | qnli | lda0.1 | GPU 4 | exit=127 | 2026. 03. 27. (금) 19:08:16 KST
[FAILED] factor_fedavg_pB | qnli | lda0.1 | GPU 6 | exit=127 | 2026. 03. 27. (금) 19:08:46 KST
[FAILED] fedma_pB | qnli | lda0.1 | GPU 3 | exit=127 | 2026. 03. 27. (금) 19:09:40 KST
[FAILED] full_rank_pB | qnli | lda0.1 | GPU 2 | exit=127 | 2026. 03. 27. (금) 19:09:44 KST
[FAILED] svd_no_gram_pB | qnli | lda0.1 | GPU 1 | exit=127 | 2026. 03. 27. (금) 19:19:00 KST
[FAILED] svd_pB | qnli | lda0.1 | GPU 0 | exit=127 | 2026. 03. 27. (금) 19:21:03 KST
[FAILED] factor_fedprox_pB | qnli | lda0.1 | GPU 5 | exit=127 | 2026. 03. 27. (금) 19:35:30 KST
[FAILED] fa_lora_pB | stsb | lda0.1 | GPU 4 | exit=1 | 2026. 03. 27. (금) 21:33:04 KST
[FAILED] factor_fedavg_pB | stsb | lda0.1 | GPU 6 | exit=1 | 2026. 03. 27. (금) 21:33:26 KST
[FAILED] full_rank_pB | stsb | lda0.1 | GPU 2 | exit=1 | 2026. 03. 27. (금) 21:34:37 KST
[FAILED] fedma_pB | stsb | lda0.1 | GPU 3 | exit=1 | 2026. 03. 27. (금) 21:36:34 KST
[FAILED] svd_no_gram_pB | stsb | lda0.1 | GPU 1 | exit=1 | 2026. 03. 27. (금) 21:53:49 KST
[FAILED] svd_pB | stsb | lda0.1 | GPU 0 | exit=1 | 2026. 03. 27. (금) 21:59:07 KST
[FAILED] factor_fedprox_pB | stsb | lda0.1 | GPU 5 | exit=1 | 2026. 03. 27. (금) 22:27:16 KST
[FAILED] fa_lora_pB | stsb | lda0.25 | GPU 4 | exit=1 | 2026. 03. 28. (토) 02:50:55 KST
[FAILED] factor_fedavg_pB | stsb | lda0.25 | GPU 6 | exit=1 | 2026. 03. 28. (토) 02:52:53 KST
[FAILED] full_rank_pB | stsb | lda0.25 | GPU 2 | exit=1 | 2026. 03. 28. (토) 02:54:33 KST
[FAILED] fedma_pB | stsb | lda0.25 | GPU 3 | exit=1 | 2026. 03. 28. (토) 02:58:21 KST
[DONE] fa_lora_pB finished on GPU 4 at 2026. 03. 28. (토) 03:20:29 KST
[DONE] factor_fedavg_pB finished on GPU 6 at 2026. 03. 28. (토) 03:23:08 KST
[DONE] full_rank_pB finished on GPU 2 at 2026. 03. 28. (토) 03:24:40 KST
[DONE] fedma_pB finished on GPU 3 at 2026. 03. 28. (토) 03:28:29 KST
[FAILED] svd_no_gram_pB | stsb | lda0.25 | GPU 1 | exit=1 | 2026. 03. 28. (토) 03:40:36 KST
[FAILED] svd_pB | stsb | lda0.25 | GPU 0 | exit=1 | 2026. 03. 28. (토) 03:50:23 KST
[DONE] svd_no_gram_pB finished on GPU 1 at 2026. 03. 28. (토) 04:14:19 KST
[DONE] svd_pB finished on GPU 0 at 2026. 03. 28. (토) 04:24:28 KST
[FAILED] factor_fedprox_pB | stsb | lda0.25 | GPU 5 | exit=1 | 2026. 03. 28. (토) 04:55:56 KST
[DONE] factor_fedprox_pB finished on GPU 5 at 2026. 03. 28. (토) 05:36:28 KST
[FAILED] svd_pB | stsb | lda0.1 | GPU 7 | exit=1 | Sat Mar 28 14:12:50 KST 2026
[FAILED] svd_pB | cola | lda0.25 | GPU 7 | exit=1 | Sat Mar 28 16:17:02 KST 2026
[FAILED] svd_pB | stsb | lda0.25 | GPU 7 | exit=1 | Sun Mar 29 12:50:58 KST 2026
[DONE] svd_pB finished on GPU 7 at Sun Mar 29 14:52:29 KST 2026
========================================
Baseline: svd_no_gram_pB | GPU: 7 | Started: Sun Mar 29 14:52:29 KST 2026
========================================
[FAILED] svd_no_gram_pB | cola | lda0.1 | GPU 7 | exit=1 | Sun Mar 29 14:52:44 KST 2026
[FAILED] svd_no_gram_pB | stsb | lda0.1 | GPU 7 | exit=1 | Mon Mar 30 09:57:57 KST 2026
[FAILED] svd_no_gram_pB | cola | lda0.25 | GPU 7 | exit=1 | Mon Mar 30 12:01:34 KST 2026
