GLUE Rebuttal Experiment Report - Started: 2026. 03. 27. (금) 06:04:33 KST

========================================
========================================
========================================
========================================
Baseline: fedma | GPU: 3 | Started: 2026. 03. 27. (금) 06:04:33 KST
========================================
Baseline: factor_fedprox | GPU: 5 | Started: 2026. 03. 27. (금) 06:04:33 KST
========================================
Baseline: svd_no_gram | GPU: 1 | Started: 2026. 03. 27. (금) 06:04:33 KST
========================================
========================================
========================================
Baseline: svd | GPU: 0 | Started: 2026. 03. 27. (금) 06:04:33 KST
========================================
Baseline: fa_lora | GPU: 4 | Started: 2026. 03. 27. (금) 06:04:33 KST
========================================
Baseline: factor_fedavg | GPU: 6 | Started: 2026. 03. 27. (금) 06:04:33 KST
========================================
========================================
Baseline: full_rank | GPU: 2 | Started: 2026. 03. 27. (금) 06:04:33 KST
========================================
[FAILED] full_rank | cola | lda0.1 | GPU 2 | exit=1 | 2026. 03. 27. (금) 06:04:49 KST
[FAILED] factor_fedprox | cola | lda0.1 | GPU 5 | exit=1 | 2026. 03. 27. (금) 06:04:50 KST
[FAILED] fa_lora | cola | lda0.1 | GPU 4 | exit=1 | 2026. 03. 27. (금) 06:04:50 KST
[FAILED] svd | cola | lda0.1 | GPU 0 | exit=1 | 2026. 03. 27. (금) 06:04:50 KST
[FAILED] svd_no_gram | cola | lda0.1 | GPU 1 | exit=1 | 2026. 03. 27. (금) 06:04:50 KST
[FAILED] factor_fedavg | cola | lda0.1 | GPU 6 | exit=1 | 2026. 03. 27. (금) 06:04:50 KST
[FAILED] fedma | cola | lda0.1 | GPU 3 | exit=1 | 2026. 03. 27. (금) 06:04:51 KST
